edges
| test.py:13:16:13:27 | ControlFlowNode for Attribute | test.py:15:36:15:39 | ControlFlowNode for data |
nodes
| test.py:13:16:13:27 | ControlFlowNode for Attribute | semmle.label | ControlFlowNode for Attribute |
| test.py:15:36:15:39 | ControlFlowNode for data | semmle.label | ControlFlowNode for data |
#select
| test.py:15:36:15:39 | ControlFlowNode for data | test.py:13:16:13:27 | ControlFlowNode for Attribute | test.py:15:36:15:39 | ControlFlowNode for data | Call to hmac.new [param 1] with untrusted data from $@. | test.py:13:16:13:27 | ControlFlowNode for Attribute | ControlFlowNode for Attribute |
