| test1.py:1:8:1:12 | ControlFlowNode for ImportExpr | mypkg |
| test2.py:1:6:1:10 | ControlFlowNode for ImportExpr | mypkg |
| test2.py:1:6:1:10 | ControlFlowNode for ImportExpr | mypkg |
| test2.py:1:19:1:21 | ControlFlowNode for ImportMember | mypkg.foo |
| test2.py:1:24:1:26 | ControlFlowNode for ImportMember | mypkg.bar |
| test3.py:1:8:1:16 | ControlFlowNode for ImportExpr | mypkg |
| test3.py:1:8:1:16 | ControlFlowNode for ImportExpr | mypkg.foo |
| test3.py:2:8:2:16 | ControlFlowNode for ImportExpr | mypkg |
| test3.py:2:8:2:16 | ControlFlowNode for ImportExpr | mypkg.bar |
| test4.py:1:8:1:16 | ControlFlowNode for ImportExpr | mypkg.foo |
| test4.py:2:8:2:16 | ControlFlowNode for ImportExpr | mypkg.bar |
| test5.py:1:8:1:12 | ControlFlowNode for ImportExpr | mypkg |
| test5.py:9:6:9:10 | ControlFlowNode for ImportExpr | mypkg |
| test5.py:9:19:9:29 | ControlFlowNode for ImportMember | mypkg.bar |
| test6.py:1:8:1:12 | ControlFlowNode for ImportExpr | mypkg |
| test6.py:5:8:5:16 | ControlFlowNode for ImportExpr | mypkg |
| test6.py:5:8:5:16 | ControlFlowNode for ImportExpr | mypkg.foo |
| test7.py:1:6:1:10 | ControlFlowNode for ImportExpr | mypkg |
| test7.py:1:19:1:21 | ControlFlowNode for ImportMember | mypkg.foo |
| test7.py:5:8:5:16 | ControlFlowNode for ImportExpr | mypkg |
| test7.py:5:8:5:16 | ControlFlowNode for ImportExpr | mypkg.foo |
| test7.py:9:6:9:10 | ControlFlowNode for ImportExpr | mypkg |
| test7.py:9:19:9:21 | ControlFlowNode for ImportMember | mypkg.foo |
