| VisualStudio.cs:9:11:9:21 | MyTestSuite | TestClass | LeafType |
| VisualStudio.cs:9:11:9:21 | MyTestSuite | TestClass | VSTestClass |
| VisualStudio.cs:12:21:12:25 | Test1 | TestMethod | CallableTree |
| VisualStudio.cs:12:21:12:25 | Test1 | TestMethod | CfgScope |
| VisualStudio.cs:12:21:12:25 | Test1 | TestMethod | InstanceCallable |
| VisualStudio.cs:12:21:12:25 | Test1 | TestMethod | VSTestMethod |
| VisualStudio.cs:17:21:17:25 | Test2 | TestMethod | CallableTree |
| VisualStudio.cs:17:21:17:25 | Test2 | TestMethod | CfgScope |
| VisualStudio.cs:17:21:17:25 | Test2 | TestMethod | InstanceCallable |
| VisualStudio.cs:17:21:17:25 | Test2 | TestMethod | VSTestMethod |
| XUnit.cs:22:11:22:21 | MyTestSuite | TestClass | LeafType |
| XUnit.cs:22:11:22:21 | MyTestSuite | TestClass | XUnitTestClass |
| XUnit.cs:25:21:25:25 | Test1 | TestMethod | CallableTree |
| XUnit.cs:25:21:25:25 | Test1 | TestMethod | CfgScope |
| XUnit.cs:25:21:25:25 | Test1 | TestMethod | InstanceCallable |
| XUnit.cs:25:21:25:25 | Test1 | TestMethod | XUnitTestMethod |
| XUnit.cs:30:21:30:25 | Test2 | TestMethod | CallableTree |
| XUnit.cs:30:21:30:25 | Test2 | TestMethod | CfgScope |
| XUnit.cs:30:21:30:25 | Test2 | TestMethod | InstanceCallable |
| XUnit.cs:30:21:30:25 | Test2 | TestMethod | XUnitTestMethod |
| nunit.cs:75:11:75:21 | MyTestSuite | TestClass | LeafType |
| nunit.cs:75:11:75:21 | MyTestSuite | TestClass | NUnitFixture |
| nunit.cs:85:21:85:25 | Test1 | TestMethod | CallableTree |
| nunit.cs:85:21:85:25 | Test1 | TestMethod | CfgScope |
| nunit.cs:85:21:85:25 | Test1 | TestMethod | InstanceCallable |
| nunit.cs:85:21:85:25 | Test1 | TestMethod | NUnitTestMethod |
| nunit.cs:90:21:90:25 | Test2 | TestMethod | CallableTree |
| nunit.cs:90:21:90:25 | Test2 | TestMethod | CfgScope |
| nunit.cs:90:21:90:25 | Test2 | TestMethod | InstanceCallable |
| nunit.cs:90:21:90:25 | Test2 | TestMethod | NUnitTestMethod |
| nunit.cs:95:21:95:25 | Test3 | TestMethod | CallableTree |
| nunit.cs:95:21:95:25 | Test3 | TestMethod | CfgScope |
| nunit.cs:95:21:95:25 | Test3 | TestMethod | InstanceCallable |
| nunit.cs:95:21:95:25 | Test3 | TestMethod | NUnitTestMethod |
| nunit.cs:100:21:100:25 | Test4 | TestMethod | CallableTree |
| nunit.cs:100:21:100:25 | Test4 | TestMethod | CfgScope |
| nunit.cs:100:21:100:25 | Test4 | TestMethod | InstanceCallable |
| nunit.cs:100:21:100:25 | Test4 | TestMethod | NUnitTestMethod |
| nunit.cs:105:21:105:25 | Test5 | TestMethod | CallableTree |
| nunit.cs:105:21:105:25 | Test5 | TestMethod | CfgScope |
| nunit.cs:105:21:105:25 | Test5 | TestMethod | InstanceCallable |
| nunit.cs:105:21:105:25 | Test5 | TestMethod | NUnitTestMethod |
