| ParenthesizedPattern.cs:25:13:25:15 | T t | T |
| ParenthesizedPattern.cs:26:14:26:22 | Object o1 | Object |
| ParenthesizedPattern.cs:27:14:27:19 | access to type String | String |
| TypePattern.cs:8:19:8:21 | access to type Int32 | Int32 |
| TypePattern.cs:8:24:8:29 | access to type String | String |
| TypePattern.cs:11:13:11:15 | access to type Int32 | Int32 |
| TypePattern.cs:12:13:12:20 | Double d | Double |
| TypePattern.cs:13:13:13:25 | access to type String | String |
| TypePattern.cs:14:13:14:27 | Object o | Object |
